// Vitest Snapshot v1, https://vitest.dev/guide/snapshot.html

exports[`parseAidlcState > 실제 aidlc-state.md 전체 포맷의 파싱 결과 스냅샷 1`] = `
{
  "currentStage": "INCEPTION - Units Generation Complete",
  "found": true,
  "stages": [
    {
      "name": "Workspace Detection",
      "phase": "INCEPTION PHASE",
      "status": "complete",
      "tasks": [
        {
          "done": true,
          "text": "Workspace Detection",
        },
      ],
    },
    {
      "name": "Requirements Analysis",
      "phase": "INCEPTION PHASE",
      "status": "complete",
      "tasks": [
        {
          "done": true,
          "text": "Requirements Analysis",
        },
      ],
    },
    {
      "name": "User Stories (SKIPPED - pure enhancement)",
      "phase": "INCEPTION PHASE",
      "status": "complete",
      "tasks": [
        {
          "done": true,
          "text": "User Stories (SKIPPED - pure enhancement)",
        },
      ],
    },
    {
      "name": "Workflow Planning",
      "phase": "INCEPTION PHASE",
      "status": "complete",
      "tasks": [
        {
          "done": true,
          "text": "Workflow Planning",
        },
      ],
    },
    {
      "name": "Application Design (COMPLETED - unit decomposition artifacts generated)",
      "phase": "INCEPTION PHASE",
      "status": "complete",
      "tasks": [
        {
          "done": true,
          "text": "Application Design (COMPLETED - unit decomposition artifacts generated)",
        },
      ],
    },
    {
      "name": "Units Generation",
      "phase": "INCEPTION PHASE",
      "status": "complete",
      "tasks": [
        {
          "done": true,
          "text": "Units Generation",
        },
      ],
    },
  ],
}
`;
